// Vitest Snapshot v1

exports[`CheckBox > should render 1`] = `
"<div class=\\"checkbox-wrapper\\">
  <div class=\\"checkbox-inner\\"><input id=\\"checkbox\\" type=\\"checkbox\\"></div>
  <!--v-if-->
</div>"
`;
