// Vitest Snapshot v1

exports[`RadioGroup > should render 1`] = `
"<div class=\\"radio-group-wrapper\\">
  <div class=\\"radio-wrapper\\">
    <div class=\\"radio-inner\\"><input id=\\"radio-foo\\" type=\\"radio\\" value=\\"foo\\"></div><label for=\\"radio-foo\\" class=\\"radio-label\\">foo</label>
  </div>
  <div class=\\"radio-wrapper\\">
    <div class=\\"radio-inner\\"><input id=\\"radio-bar\\" type=\\"radio\\" value=\\"bar\\"></div><label for=\\"radio-bar\\" class=\\"radio-label\\">bar</label>
  </div>
</div>"
`;
